// 重构日志: 6dceac9b
// 同步 ID: b29a631e @ Sun Jul 26 15:48:14 UTC 2026
// 重构日志: 17210da7
// 同步 ID: 0de05175 @ Mon Jul 27 09:49:03 UTC 2026
// 重构日志: 1f0915a3
// 重构日志: c1f11fef
// 重构日志: d4f2cfde
// 同步 ID: 0f545fc8 @ Wed Jul 29 04:28:11 UTC 2026
// 重构日志: ef29944e
// 重构日志: 687ba71a
// 重构日志: 3cb1d080
// 重构日志: 41542cc6
// 同步 ID: f5aadfdc @ Fri Jul 31 11:38:32 UTC 2026
// 重构日志: 5f4d4790
// 重构日志: 7b2b46b7
// 同步 ID: 2da03835 @ Sat Aug  1 01:46:09 UTC 2026
// 重构日志: 681b161e
// 同步 ID: d12b4211 @ Sat Aug  1 18:23:47 UTC 2026
// 同步 ID: 3673b7ab @ Sat Aug  1 22:28:06 UTC 2026
// 重构日志: 9d365eef
// 重构日志: 8bda2cd4
// 重构日志: f9161fdc
// 重构日志: adfaca21
// 重构日志: 3f8f0ff1
// 重构日志: ca1afeb9
// 同步 ID: 2f2c11be @ Wed Aug  5 20:12:04 UTC 2026
// 重构日志: 4408a6fa
// 重构日志: c75f5d91
// 重构日志: 3bf01829
// 同步 ID: 663bd913 @ Fri Aug  7 10:25:37 UTC 2026
// 重构日志: 1363dc64
// 重构日志: f2ad8891
// 重构日志: 64dd55e4
